<html>
<body>
<pre>
<h1>µVision Build Log</h1>
<h2>Tool Versions:</h2>
IDE-Version: ¦ÌVision V5.20.0.0
Copyright (C) 2016 ARM Ltd and ARM Germany GmbH. All rights reserved.
License Information: jin jin, jin, LIC=65III-TXY44-DKEBN-YV1FE-1DVAG-4FK7Z
 
Tool Versions:
Toolchain:       MDK-ARM Plus  Version: 5.20
Toolchain Path:  E:\tools\Keil5\ARM\ARMCC\Bin
C Compiler:      Armcc.exe V5.06 update 2 (build 183)
Assembler:       Armasm.exe V5.06 update 2 (build 183)
Linker/Locator:  ArmLink.exe V5.06 update 2 (build 183)
Library Manager: ArmAr.exe V5.06 update 2 (build 183)
Hex Converter:   FromElf.exe V5.06 update 2 (build 183)
CPU DLL:         SARMCM3.DLL V5.20
Dialog DLL:      DARMSTM.DLL V1.66.0.0
Target DLL:      Segger\JL2CM3.dll V2.99.20.0
Dialog DLL:      TARMSTM.DLL V1.65.0.0
 
<h2>Project:</h2>
D:\04project\01·É¿Ø\11baseflight\STM32LIB\04IMU_ANO\ANO_Settler.uvprojx
Project File Date:  09/19/2016

<h2>Output:</h2>
*** Using Compiler 'V5.06 update 2 (build 183)', folder: 'E:\tools\Keil5\ARM\ARMCC\Bin'
Build target 'ANO_Settler'
compiling loop.c...
compiling main.c...
compiling ANO_CTRL.c...
compiling ANO_Data.c...
compiling ANO_Init.c...
compiling ANO_PID.c...
compiling filter.c...
compiling ANO_IMU.c...
compiling ANO_Param.c...
compiling ANO_Data_Transfer.c...
compiling ANO_RC.c...
compiling ANO_Drv_ADC.c...
compiling ANO_Drv_BKP.c...
compiling ANO_Drv_Hid.c...
compiling ANO_Drv_LED.c...
compiling ANO_Drv_Nrf24l01.c...
compiling ANO_Drv_MPU6050.c...
compiling ANO_Drv_SPI.c...
compiling ANO_Drv_Uart.c...
compiling ANO_Drv_Uart3.c...
compiling stm32f10x_it.c...
compiling bsp_SysTick.c...
linking...
Program Size: Code=16728 RO-data=404 RW-data=428 ZI-data=3588  
FromELF: creating hex file...
".\build\ANO_Settler.axf" - 0 Error(s), 0 Warning(s).

<h2>Collection of Component include folders:</h2>
  D:\04project\01·É¿Ø\11baseflight\STM32LIB\04IMU_ANO\RTE
  E:\tools\Keil5\ARM\PACK\Keil\STM32F1xx_DFP\2.1.0\Device\Include

<h2>Collection of Component Files used:</h2>
Build Time Elapsed:  00:00:06
</pre>
</body>
</html>
