<html>
<body>
<pre>
<h1>µVision Build Log</h1>
<h2>Project:</h2>
F:\GPRS\GPRS\STM32F1_GPRS\Project\keil\GPRS_STM32F103.uvproj
Project File Date:  10/26/2015

<h2>Output:</h2>
Build target 'GPRS_STM32F103_Code'
linking...
Program Size: Code=23536 RO-data=592 RW-data=272 ZI-data=14024  
"..\..\Debug\obj\GPRS_STM32F103.axf" - 0 Error(s), 0 Warning(s).
</pre>
</body>
</html>
.cpp: 1 warning, 0 errors
linking...
Program Size: Code=23524 RO-data=592 RW-data=272 ZI-data=14024  
"..\..\Debug\obj\GPRS_STM32F103.axf" - 0 Error(s), 1 Warning(s).
s).
tement is unreachable
                        break;
..\..\Code\Driver\UartDriver.cpp(206): warning:  #111-D: statement is unreachable
                        break;
..\..\Code\Driver\UartDriver.cpp: 3 warnings, 0 errors
compiling UBlox5.cpp...
..\..\Code\Driver\UBlox5.cpp(310): warning:  #550-D: variable "len" was set but never used
                  int len = 100;
..\..\Code\Driver\UBlox5.cpp: 1 warning, 0 errors
compiling core_cm3.c...
compiling system_stm32f10x.c...
assembling startup_stm32f10x_hd.s...
compiling misc.c...
compiling stm32f10x_flash.c...
compiling stm32f10x_gpio.c...
compiling stm32f10x_rcc.c...
compiling stm32f10x_tim.c...
compiling stm32f10x_usart.c...
compiling stm32f10x_dma.c...
compiling os_cpu_c.c...
compiling os_dbg.c...
assembling os_cpu_a.asm...
compiling os_core.c...
compiling os_flag.c...
compiling os_mbox.c...
compiling os_mem.c...
compiling os_mutex.c...
compiling os_q.c...
compiling os_sem.c...
compiling os_task.c...
compiling os_time.c...
compiling os_tmr.c...
linking...
Program Size: Code=23532 RO-data=592 RW-data=272 ZI-data=14024  
"..\..\Debug\obj\GPRS_STM32F103.axf" - 0 Error(s), 4 Warning(s).
c...
compiling os_flag.c...
compiling os_mbox.c...
compiling os_mem.c...
compiling os_mutex.c...
compiling os_q.c...
compiling os_sem.c...
compiling os_task.c...
compiling os_time.c...
compiling os_tmr.c...
linking...
Program Size: Code=23532 RO-data=592 RW-data=272 ZI-data=14024  
"..\..\Debug\obj\GPRS_STM32F103.axf" - 0 Error(s), 6 Warning(s).
<unnamed>::DCOUNT"
            const member "<unnamed>::STA"
            const member "<unnamed>::FIFOCNT"
  {
  ^
..\..\Code\App\app.cpp: 5 warnings, 0 errors
compiling jouav.cpp...
..\..\Code\Driver\CMSIS\Core\CM3\core_cm3.h(150): warning:  #368-D: class "<unnamed>" defines no constructor to initialize the following:
            const member "<unnamed>::CPUID"
            const member "<unnamed>::PFR"
            const member "<unnamed>::DFR"
            const member "<unnamed>::ADR"
            const member "<unnamed>::MMFR"
            const member "<unnamed>::ISAR"
  {
  ^
..\..\Code\Driver\CMSIS\Core\CM3\core_cm3.h(175): warning:  #368-D: class "<unnamed>" defines no constructor to initialize the following:
            const member "<unnamed>::CALIB"
  {
  ^
..\..\Code\Driver\CMSIS\Core\CM3\core_cm3.h(185): warning:  #368-D: class "<unnamed>" defines no constructor to initialize the following:
            const member "<unnamed>::PID4"
            const member "<unnamed>::PID5"
            const member "<unnamed>::PID6"
            const member "<unnamed>::PID7"
            const member "<unnamed>::PID0"
            const member "<unnamed>::PID1"
            const member "<unnamed>::PID2"
            const member "<unnamed>::PID3"
            const member "<unnamed>::CID0"
            const member "<unnamed>::CID1"
            const member "<unnamed>::CID2"
            const member "<unnamed>::CID3"
  {
  ^
..\..\Code\Driver\CMSIS\Core\CM3\core_cm3.h(223): warning:  #368-D: class "<unnamed>" defines no constructor to initialize the following:
            const member "<unnamed>::ICTR"
  {
  ^
..\..\Code\Driver\CMSIS\Core\CM3\stm32f10x.h(736): warning:  #368-D: class "<unnamed>" defines no constructor to initialize the following:
            const member "<unnamed>::RESPCMD"
            const member "<unnamed>::RESP1"
            const member "<unnamed>::RESP2"
            const member "<unnamed>::RESP3"
            const member "<unnamed>::RESP4"
            const member "<unnamed>::DCOUNT"
            const member "<unnamed>::STA"
            const member "<unnamed>::FIFOCNT"
  {
  ^
..\..\Code\App\jouav.cpp: 5 warnings, 0 errors
compiling main.cpp...
..\..\Code\Driver\CMSIS\Core\CM3\core_cm3.h(150): warning:  #368-D: class "<unnamed>" defines no constructor to initialize the following:
            const member "<unnamed>::CPUID"
            const member "<unnamed>::PFR"
            const member "<unnamed>::DFR"
            const member "<unnamed>::ADR"
            const member "<unnamed>::MMFR"
            const member "<unnamed>::ISAR"
  {
  ^
..\..\Code\Driver\CMSIS\Core\CM3\core_cm3.h(175): warning:  #368-D: class "<unnamed>" defines no constructor to initialize the following:
            const member "<unnamed>::CALIB"
  {
  ^
..\..\Code\Driver\CMSIS\Core\CM3\core_cm3.h(185): warning:  #368-D: class "<unnamed>" defines no constructor to initialize the following:
            const member "<unnamed>::PID4"
            const member "<unnamed>::PID5"
            const member "<unnamed>::PID6"
            const member "<unnamed>::PID7"
            const member "<unnamed>::PID0"
            const member "<unnamed>::PID1"
            const member "<unnamed>::PID2"
            const member "<unnamed>::PID3"
            const member "<unnamed>::CID0"
            const member "<unnamed>::CID1"
            const member "<unnamed>::CID2"
            const member "<unnamed>::CID3"
  {
  ^
..\..\Code\Driver\CMSIS\Core\CM3\core_cm3.h(223): warning:  #368-D: class "<unnamed>" defines no constructor to initialize the following:
            const member "<unnamed>::ICTR"
  {
  ^
..\..\Code\Driver\CMSIS\Core\CM3\stm32f10x.h(736): warning:  #368-D: class "<unnamed>" defines no constructor to initialize the following:
            const member "<unnamed>::RESPCMD"
            const member "<unnamed>::RESP1"
            const member "<unnamed>::RESP2"
            const member "<unnamed>::RESP3"
            const member "<unnamed>::RESP4"
            const member "<unnamed>::DCOUNT"
            const member "<unnamed>::STA"
            const member "<unnamed>::FIFOCNT"
  {
  ^
..\..\Code\App\main.cpp: 5 warnings, 0 errors
compiling stm32f10x_it.c...
compiling BSP.c...
compiling usart.c...
..\..\Code\Driver\usart.c(69): warning:  #177-D: variable "DMA_InitStructure" was declared but never referenced
      DMA_InitTypeDef  DMA_InitStructure;
..\..\Code\Driver\usart.c(97): warning:  #177-D: variable "DMA_InitStructure" was declared but never referenced
      DMA_InitTypeDef  DMA_InitStructure;
..\..\Code\Driver\usart.c: 2 warnings, 0 errors
compiling UartDriver.cpp...
..\..\Code\Driver\CMSIS\Core\CM3\core_cm3.h(150): warning:  #368-D: class "<unnamed>" defines no constructor to initialize the following:
            const member "<unnamed>::CPUID"
            const member "<unnamed>::PFR"
            const member "<unnamed>::DFR"
            const member "<unnamed>::ADR"
            const member "<unnamed>::MMFR"
            const member "<unnamed>::ISAR"
  {
  ^
..\..\Code\Driver\CMSIS\Core\CM3\core_cm3.h(175): warning:  #368-D: class "<unnamed>" defines no constructor to initialize the following:
            const member "<unnamed>::CALIB"
  {
  ^
..\..\Code\Driver\CMSIS\Core\CM3\core_cm3.h(185): warning:  #368-D: class "<unnamed>" defines no constructor to initialize the following:
            const member "<unnamed>::PID4"
            const member "<unnamed>::PID5"
            const member "<unnamed>::PID6"
            const member "<unnamed>::PID7"
            const member "<unnamed>::PID0"
            const member "<unnamed>::PID1"
            const member "<unnamed>::PID2"
            const member "<unnamed>::PID3"
            const member "<unnamed>::CID0"
            const member "<unnamed>::CID1"
            const member "<unnamed>::CID2"
            const member "<unnamed>::CID3"
  {
  ^
..\..\Code\Driver\CMSIS\Core\CM3\core_cm3.h(223): warning:  #368-D: class "<unnamed>" defines no constructor to initialize the following:
            const member "<unnamed>::ICTR"
  {
  ^
..\..\Code\Driver\CMSIS\Core\CM3\stm32f10x.h(736): warning:  #368-D: class "<unnamed>" defines no constructor to initialize the following:
            const member "<unnamed>::RESPCMD"
            const member "<unnamed>::RESP1"
            const member "<unnamed>::RESP2"
            const member "<unnamed>::RESP3"
            const member "<unnamed>::RESP4"
            const member "<unnamed>::DCOUNT"
            const member "<unnamed>::STA"
            const member "<unnamed>::FIFOCNT"
  {
  ^
..\..\Code\Driver\UartDriver.cpp(173): warning:  #111-D: statement is unreachable
                        break;
..\..\Code\Driver\UartDriver.cpp(190): warning:  #111-D: statement is unreachable
                        break;
..\..\Code\Driver\UartDriver.cpp(206): warning:  #111-D: statement is unreachable
                        break;
..\..\Code\Driver\UartDriver.cpp: 8 warnings, 0 errors
compiling UBlox5.cpp...
..\..\Code\Driver\CMSIS\Core\CM3\core_cm3.h(150): warning:  #368-D: class "<unnamed>" defines no constructor to initialize the following:
            const member "<unnamed>::CPUID"
            const member "<unnamed>::PFR"
            const member "<unnamed>::DFR"
            const member "<unnamed>::ADR"
            const member "<unnamed>::MMFR"
            const member "<unnamed>::ISAR"
  {
  ^
..\..\Code\Driver\CMSIS\Core\CM3\core_cm3.h(175): warning:  #368-D: class "<unnamed>" defines no constructor to initialize the following:
            const member "<unnamed>::CALIB"
  {
  ^
..\..\Code\Driver\CMSIS\Core\CM3\core_cm3.h(185): warning:  #368-D: class "<unnamed>" defines no constructor to initialize the following:
            const member "<unnamed>::PID4"
            const member "<unnamed>::PID5"
            const member "<unnamed>::PID6"
            const member "<unnamed>::PID7"
            const member "<unnamed>::PID0"
            const member "<unnamed>::PID1"
            const member "<unnamed>::PID2"
            const member "<unnamed>::PID3"
            const member "<unnamed>::CID0"
            const member "<unnamed>::CID1"
            const member "<unnamed>::CID2"
            const member "<unnamed>::CID3"
  {
  ^
..\..\Code\Driver\CMSIS\Core\CM3\core_cm3.h(223): warning:  #368-D: class "<unnamed>" defines no constructor to initialize the following:
            const member "<unnamed>::ICTR"
  {
  ^
..\..\Code\Driver\CMSIS\Core\CM3\stm32f10x.h(736): warning:  #368-D: class "<unnamed>" defines no constructor to initialize the following:
            const member "<unnamed>::RESPCMD"
            const member "<unnamed>::RESP1"
            const member "<unnamed>::RESP2"
            const member "<unnamed>::RESP3"
            const member "<unnamed>::RESP4"
            const member "<unnamed>::DCOUNT"
            const member "<unnamed>::STA"
            const member "<unnamed>::FIFOCNT"
  {
  ^
..\..\Code\Driver\UBlox5.cpp(310): warning:  #550-D: variable "len" was set but never used
                  int len = 100;
..\..\Code\Driver\UBlox5.cpp: 6 warnings, 0 errors
compiling core_cm3.c...
compiling system_stm32f10x.c...
assembling startup_stm32f10x_hd.s...
compiling misc.c...
compiling stm32f10x_flash.c...
compiling stm32f10x_gpio.c...
compiling stm32f10x_rcc.c...
compiling stm32f10x_tim.c...
compiling stm32f10x_usart.c...
compiling stm32f10x_dma.c...
compiling os_cpu_c.c...
compiling os_dbg.c...
assembling os_cpu_a.asm...
compiling os_core.c...
compiling os_flag.c...
compiling os_mbox.c...
compiling os_mem.c...
compiling os_mutex.c...
compiling os_q.c...
compiling os_sem.c...
compiling os_task.c...
compiling os_time.c...
compiling os_tmr.c...
linking...
Program Size: Code=23532 RO-data=592 RW-data=272 ZI-data=14024  
"..\..\Debug\obj\GPRS_STM32F103.axf" - 0 Error(s), 31 Warning(s).
compiling main.cpp...
..\..\Code\Driver\CMSIS\Core\CM3\core_cm3.h(182): warning:  #368-D: class "<unnamed>" defines no constructor to initialize the following:
            const member "<unnamed>::CALIB"
  {
  ^
..\..\Code\Driver\CMSIS\Core\CM3\core_cm3.h(192): warning:  #368-D: class "<unnamed>" defines no constructor to initialize the following:
            const member "<unnamed>::PID4"
            const member "<unnamed>::PID5"
            const member "<unnamed>::PID6"
            const member "<unnamed>::PID7"
            const member "<unnamed>::PID0"
            const member "<unnamed>::PID1"
            const member "<unnamed>::PID2"
            const member "<unnamed>::PID3"
            const member "<unnamed>::CID0"
            const member "<unnamed>::CID1"
            const member "<unnamed>::CID2"
            const member "<unnamed>::CID3"
  {
  ^
..\..\Code\Driver\CMSIS\Core\CM3\core_cm3.h(230): warning:  #368-D: class "<unnamed>" defines no constructor to initialize the following:
            const member "<unnamed>::ICTR"
  {
  ^
..\..\Code\Driver\CMSIS\Core\CM3\stm32f10x.h(736): warning:  #368-D: class "<unnamed>" defines no constructor to initialize the following:
            const member "<unnamed>::RESPCMD"
            const member "<unnamed>::RESP1"
            const member "<unnamed>::RESP2"
            const member "<unnamed>::RESP3"
            const member "<unnamed>::RESP4"
            const member "<unnamed>::DCOUNT"
            const member "<unnamed>::STA"
            const member "<unnamed>::FIFOCNT"
  {
  ^
..\..\Code\App\main.cpp: 4 warnings, 0 errors
"..\..\Code\App\main.cpp" - 0 Error(s), 4 Warning(s).
compiling main.cpp...
..\..\Code\Driver\CMSIS\Core\CM3\core_cm3.h(182): warning:  #368-D: class "<unnamed>" defines no constructor to initialize the following:
            const member "<unnamed>::CALIB"
  {
  ^
..\..\Code\Driver\CMSIS\Core\CM3\core_cm3.h(192): warning:  #368-D: class "<unnamed>" defines no constructor to initialize the following:
            const member "<unnamed>::PID4"
            const member "<unnamed>::PID5"
            const member "<unnamed>::PID6"
            const member "<unnamed>::PID7"
            const member "<unnamed>::PID0"
            const member "<unnamed>::PID1"
            const member "<unnamed>::PID2"
            const member "<unnamed>::PID3"
            const member "<unnamed>::CID0"
            const member "<unnamed>::CID1"
            const member "<unnamed>::CID2"
            const member "<unnamed>::CID3"
  {
  ^
..\..\Code\Driver\CMSIS\Core\CM3\core_cm3.h(230): warning:  #368-D: class "<unnamed>" defines no constructor to initialize the following:
            const member "<unnamed>::ICTR"
  {
  ^
..\..\Code\Driver\CMSIS\Core\CM3\stm32f10x.h(736): warning:  #368-D: class "<unnamed>" defines no constructor to initialize the following:
            const member "<unnamed>::RESPCMD"
            const member "<unnamed>::RESP1"
            const member "<unnamed>::RESP2"
            const member "<unnamed>::RESP3"
            const member "<unnamed>::RESP4"
            const member "<unnamed>::DCOUNT"
            const member "<unnamed>::STA"
            const member "<unnamed>::FIFOCNT"
  {
  ^
..\..\Code\App\main.cpp: 4 warnings, 0 errors
"..\..\Code\App\main.cpp" - 0 Error(s), 4 Warning(s).
compiling main.cpp...
..\..\Code\Driver\CMSIS\Core\CM3\stm32f10x.h(736): warning:  #368-D: class "<unnamed>" defines no constructor to initialize the following:
            const member "<unnamed>::RESPCMD"
            const member "<unnamed>::RESP1"
            const member "<unnamed>::RESP2"
            const member "<unnamed>::RESP3"
            const member "<unnamed>::RESP4"
            const member "<unnamed>::DCOUNT"
            const member "<unnamed>::STA"
            const member "<unnamed>::FIFOCNT"
  {
  ^
..\..\Code\App\main.cpp: 1 warning, 0 errors
"..\..\Code\App\main.cpp" - 0 Error(s), 1 Warning(s).
compiling main.cpp...
..\..\Code\Driver\CMSIS\Core\CM3\stm32f10x.h(736): warning:  #368-D: class "<unnamed>" defines no constructor to initialize the following:
            const member "<unnamed>::RESPCMD"
            const member "<unnamed>::RESP1"
            const member "<unnamed>::RESP2"
            const member "<unnamed>::RESP3"
            const member "<unnamed>::RESP4"
            const member "<unnamed>::DCOUNT"
            const member "<unnamed>::STA"
            const member "<unnamed>::FIFOCNT"
  {
  ^
..\..\Code\App\main.cpp: 1 warning, 0 errors
"..\..\Code\App\main.cpp" - 0 Error(s), 1 Warning(s).
compiling main.cpp...
"..\..\Code\App\main.cpp" - 0 Error(s), 0 Warning(s).
